reset
brick x 5 y 10 z 5
move Volume 1 location 5 0 0 include_merged 
brick x 20 
subtract body 1 from body 2 imprint keep
delete volume 2
imprint body all
merge tol 5e-7
merge all
group "mat:Copper" add vol 1
group "mat:Air" add vol 3
volume all size auto factor 5
volume all scheme tetmesh proximity layers off geometry approximation angle 15 geometric sizing on 
volume all tetmesh growth_factor 1 
Trimesher surface gradation 1.3
Trimesher volume gradation 1.3
mesh volume all
set duplicate block elements off
block 1 add group 2 
block 2 add group 3
sideset 1 add surface 1 
sideset 2 add surface 2 
sideset 3 add surface 3 
sideset 4 add surface 4 
sideset 5 add surface 5 
sideset 6 add surface 6
sideset 7 add surface 13 
sideset 8 add surface 14
sideset 9 add surface 15 
sideset 10 add surface 16 
sideset 11 add surface 17
sideset 12 add surface 18
sideset 1 name "front"
sideset 2 name "back"
sideset 3 name "bottom"
sideset 4 name "left"
sideset 5 name "top"
sideset 6 name "right"
sideset 7 name "front-outer"
sideset 8 name "back-outer"
sideset 9 name "bottom-outer"
sideset 10 name "left-outer"
sideset 11 name "top-outer"
sideset 12 name "right-outer"
set exodus netcdf4 off
set large exodus file on
export mesh "copper_air_bcs_tetmesh.e" overwrite